Thu Jun 25 14:47:28 IST 2026

> @agentco/backend@1.0.0 db:migrate
> ts-node src/db/migrate.ts

[skip]  001_agent_state.sql (already applied)
[skip]  002_agent_memory.sql (already applied)
[skip]  003_shared_knowledge.sql (already applied)
[skip]  004_decision_log.sql (already applied)
[skip]  005_event_history.sql (already applied)
[skip]  006_prompt_registry.sql (already applied)
[skip]  007_performance_metrics.sql (already applied)
[skip]  008_customer_data.sql (already applied)
[skip]  009_trust_scores.sql (already applied)
[skip]  010_beliefs.sql (already applied)
[skip]  011_prediction_ledger.sql (already applied)
[skip]  012_decision_log_chain.sql (already applied)
[skip]  013_override_queue.sql (already applied)
[skip]  014_decision_log_immutability_triggers.sql (already applied)
[skip]  015_agent_memories.sql (already applied)
[skip]  016_resolution_service_role.sql (already applied)
[skip]  017_agent_memories_lifecycle.sql (already applied)
[skip]  018_refoundation_canonical_schema.sql (already applied)
[skip]  019_durable_execution.sql (already applied)
[skip]  021_observability_traces.sql (already applied)
[skip]  022_autonomy_tasks.sql (already applied)
[skip]  023_autonomy_episodes.sql (already applied)
[skip]  024_perception_infrastructure.sql (already applied)
[skip]  025_goal_management_clean.sql (already applied)
[skip]  026_civilization_learning_entities.sql (already applied)
[skip]  027_calibration_constitution.sql (already applied)
[skip]  028_trust_policy_versions.sql (already applied)
[skip]  029_calibration_change_requests.sql (already applied)
[skip]  030_trust_impact_assessment.sql (already applied)
[skip]  031_trust_reputation_ledger.sql (already applied)
[skip]  032_calibration_drift_monitor.sql (already applied)
[skip]  033_artifacts.sql (already applied)
[skip]  034_learner_infrastructure.sql (already applied)
[skip]  040_governance_rbac.sql (already applied)
[skip]  050_autonomy_action_loop.sql (already applied)
[skip]  051_fix_fk_constraints.sql (already applied)
[skip]  052_specialist_http_endpoint.sql (already applied)
[skip]  052b_institutions.sql (already applied)
[skip]  053_team_activations.sql (already applied)
[skip]  053_work_assignment_schema.sql (already applied)
[skip]  054_add_relevance_score.sql (already applied)
[skip]  054_goal_hierarchies.sql (already applied)
[skip]  055_deadlock_prevention.sql (already applied)
[skip]  056_production_deployment.sql (already applied)
[skip]  057_reputation_learning.sql (already applied)
[skip]  058_adaptive_strategy.sql (already applied)
[skip]  058_bounded_learning.sql (already applied)
[skip]  059_calibration_framework.sql (already applied)
[skip]  059_governance_reputation_integration.sql (already applied)
[skip]  060_coalition_formation.sql (already applied)
[skip]  061_add_goal_depth_column.sql (already applied)
[skip]  062_model_decision_ledger.sql (already applied)
[skip]  063_phase0b_predictions.sql (already applied)
[skip]  064_active_artifact_rollback.sql (already applied)
Migrations complete.
npm run db:migrate  1.23s user 0.20s system 103% cpu 1.385 total
exit_code=0
